// Jest Snapshot v1, https://goo.gl/fbAQLP

exports[`topicsInit returns a TOPICS_SUCCESS action with topics as a payload 1`] = `
Array [
  Object {
    "payload": Array [
      Object {
        "active": true,
        "date": "2018-03-12",
        "end_timestamp": 1537027200000,
        "govVote": true,
        "id": 1,
        "proposals": Array [
          Object {
            "about": "test-file-stub",
            "date": "2018-03-12",
            "documents": Array [
              Object {
                "link": "https://...",
                "name": "Risk...",
              },
            ],
            "end_timestamp": 1537027200000,
            "proposal_blurb": "Voting for this proposal means voting YES to the five core principles of the Maker Governance philosophy as <a target=\\"_blank\\" href=\\"https://medium.com/makerdao/foundation-proposal-v2-f10d8ee5fe8c\\"> updated on Medium</a> on August 21, 2018",
            "source": "0x305505C8C9D51602f3Ebe0CE984aB2AEb0df3172",
            "submitted_by": Object {
              "link": "https://dai-dai-dai.now.sh/",
              "name": "Dai Foundation",
            },
            "title": "Vote YES to the five core principles of the Maker Governance philosophy",
            "verified": true,
          },
          Object {
            "about": "test-file-stub",
            "date": "2018-03-12",
            "documents": Array [
              Object {
                "link": "https://...",
                "name": "Risk...",
              },
            ],
            "end_timestamp": 1537027200000,
            "proposal_blurb": "Voting for this proposal means voting NO to the five core principles of the Maker Governance philosophy as <a target=\\"_blank\\" rel=\\"noopener noreferrer\\" href=\\"https://medium.com/makerdao/foundation-proposal-v2-f10d8ee5fe8c\\"> updated on Medium</a> on August 21, 2018",
            "source": "0xA9eB03F3a499E274170c378f958E4A0cBea2c7ef",
            "submitted_by": Object {
              "link": "https://dai-dai-dai.now.sh/",
              "name": "Dai Foundation",
            },
            "title": "Vote NO to the five core principles of the Maker Governance philosophy",
            "verified": true,
          },
        ],
        "submitted_by": Object {
          "link": "https://dai-dai-dai.now.sh/",
          "name": "Dai Foundation",
        },
        "topic": "Foundation Proposal Governance Vote",
        "topic_blurb": "Here you can vote YES or NO to the proposed five core principles of the Maker Governance philosophy as <a target=\\"_blank\\" rel=\\"noopener noreferrer\\" href=\\"https://medium.com/makerdao/foundation-proposal-v2-f10d8ee5fe8c\\"> updated on Medium</a> on August 21, 2018.
        This type of vote is a <strong style=\\"font-weight:bold;font-style:oblique;\\">Governance Vote</strong>, and its objective is to represent resolution on a matter or collection of matters. This vote will not result in changes to the Dai Credit System (to change the state of the system, for example to change the debt ceiling, a second type of vote called an <strong style=\\"font-weight:bold;font-style:oblique;\\">Executive Vote</strong> is used).",
        "verified": true,
      },
    ],
    "type": "toics/TOPICS_SUCCESS",
  },
]
`;
